---
source: tests/cli_golden_tests.rs
expression: output
---
Succinct data structures toolkit

Usage: succinctly <COMMAND>

Commands:
  json  JSON operations (generate, parse, benchmark)
  jq    Command-line JSON processor (jq-compatible)
  dev   Developer tools (benchmarking, profiling)
  help  Print this message or the help of the given subcommand(s)

Options:
  -h, --help     Print help
  -V, --version  Print version
