---
source: tests/cli_golden_tests.rs
expression: output
---
JSON operations (generate, parse, benchmark)

Usage: succinctly json <COMMAND>

Commands:
  generate        Generate synthetic JSON files for benchmarking and testing
  generate-suite  Generate a suite of JSON files with various sizes and patterns
  help            Print this message or the help of the given subcommand(s)

Options:
  -h, --help  Print help
